C251 COMPILER V5.60.0,  chassis                                                            30/05/26  17:38:01  PAGE 1   


C251 COMPILER V5.60.0, COMPILATION OF MODULE chassis
OBJECT MODULE PLACED IN .\OBJ_Out\chassis.obj
COMPILER INVOKED BY: D:\keil5-C251\C251\BIN\C251.EXE ..\UserCode\APP\chassis.c XSMALL OA UNSIGNED_CHAR FLOAT64 BROWSE IN
                    -CDIR(..\LQ_APP\Inc;..\LQ_APP\Src;..\Driver;..\Driver\Inc;..\User;..\LQ_LIB\Inc;..\User_Code;..\control;..\UserCode;..\Us
                    -erCode\APP;..\UserCode\BSP;..\UserCode\MIDDLE) DEFINE(AI8051U_32Bit) DEBUG PRINT(.\OBJ_Out\chassis.lst) TABS(2) OBJECT(.
                    -\OBJ_Out\chassis.obj) 

stmt  level    source

    1          #include "chassis.h"
    2          #include "inductance.h"
    3          #include "motor.h"
    4          #include "LQ_Encoder.h"
    5          
    6          // 底盘数据全局结构体：集中管理目标速度、循迹偏差、左右轮速度、方向环输
             -出
    7          static Chassis_TypeDef chassis;
    8          
    9          /**
   10           * @brief 底盘初始化
   11           * 初始化底盘结构体中的速度和目标偏差变量
   12           */
   13          void Chassis_Init(void)
   14          {
   15   1        chassis.target_speed = 150;       // 初始化目标速度为150   max : 1100
   16   1          chassis.current_deviation = 0;  // 初始化当前偏差为0
   17   1          chassis.left_speed = 0;         // 初始化左轮速度为0
   18   1          chassis.right_speed = 0;        // 初始化右轮速度为0
   19   1          chassis.direction_output = 0;
   20   1      }
   21          
   22          /**
   23           * @brief 计算循迹偏差
   24           * 使用差比和算法计算车辆偏离中心线的程度
   25           * 公式：( (左感+左感) - (右感+右感) ) / (总电感 + 补偿值) * 100
   26           * @return int 归一化后的偏差值，范围 -100 到 100
   27           */
   28          int Calculate_Deviation(void) 
   29          {
   30   1          // 获取电感ADC数组指针 (假设顺序为: 左外, 左内, 中, 右内, 右外)
   31   1          int* adc_values = GetInductance();
   32   1          
   33   1          // 计算左右两侧电感值的差值 (分子)，反映偏向哪一侧
   34   1          int eleSub = (adc_values[0] + adc_values[1]) - (adc_values[3] + adc_values[4]);
   35   1          
   36   1          // 计算所有电感值的总和 (分母)，+10是为了防止分母为0导致除零错误
   37   1          // 使用"差比和"可以消除由于速度变化导致的磁场强度整体变化影响
   38   1          int eleAdd = adc_values[0] + adc_values[1] + adc_values[2] + adc_values[3] + adc_values[4] + 10;
   39   1        
   40   1          // 计算归一化偏差值
   41   1          float eleValue = (float)eleSub / (float)eleAdd * 100.0f;
   42   1      
   43   1        // 电感总和过低说明脱线（电感未检测到赛道），触发停车
   44   1        if(eleAdd < 20.0) Motor_SetStopFlag(1);
   45   1          else Motor_SetStopFlag(0);
   46   1          
   47   1          // 限幅处理：将偏差值限制在 -100 到 100 之间
   48   1          if(eleValue > 100.0f) eleValue = 100.0f;
   49   1          else if(eleValue < -100.0f) eleValue = -100.0f;
   50   1      
   51   1          // 转换为整型返回给控制层
   52   1          return (int)(eleValue);
   53   1      }
   54          
   55          /**
C251 COMPILER V5.60.0,  chassis                                                            30/05/26  17:38:01  PAGE 2   

   56           * @brief 底盘闭环控制
   57           * 获取偏差并输入方向PID，计算差速输出
   58           */
   59          void Chassis_Control(void)
   60          {
   61   1          const PID_TypeDef *direction_pid; //外环：赛道偏差PID  
   62   1        
   63   1          // 2. 获取方向环PID控制器句柄和偏航角速度环PID句柄
   64   1          direction_pid = PID_GetController(PID_DIRECTION);
   65   1          
   66   1          // 3. 计算PID输出
   67   1          if (direction_pid != NULL) 
   68   1          {
   69   2              // 1. 获取当前的循迹偏差
   70   2              chassis.current_deviation = Calculate_Deviation();
   71   2              // 级联位置/方向PID计算，目标值设为0（即赛道中心）
   72   2              chassis.direction_output = PID_CascadePosition((PID_TypeDef *)direction_pid, chassis.current_devi
             -ation, 0);
   73   2          } else {
   74   2              // 如果PID未初始化，输出为0
   75   2              chassis.direction_output = 0;
   76   2          }
   77   1          // 左轮速度 = 基础速度 + 方向环修正
   78   1          chassis.left_speed = chassis.target_speed + chassis.direction_output;
   79   1          // 右轮速度 = 基础速度 - 转向修正
   80   1          chassis.right_speed = chassis.target_speed - chassis.direction_output;
   81   1          // 根据停车标志决定电机输出：停车时发送 0,0 停止电机
   82   1          if(Motor_GetData()->stop_flag) Motor_Control(0,0);
   83   1          else Motor_Control(chassis.left_speed, chassis.right_speed);
   84   1      }
   85          
   86          // 返回底盘数据的只读指针：外部通过 const Chassis_TypeDef* 访问速度、偏差、方向
             -输出
   87          const Chassis_TypeDef* Chassis_GetData(void)
   88          {
   89   1          return &chassis;
   90   1      }


Module Information          Static   Overlayable
------------------------------------------------
  code size            =       296     ------
  ecode size           =    ------     ------
  data size            =    ------     ------
  idata size           =    ------     ------
  pdata size           =    ------     ------
  xdata size           =    ------     ------
  xdata-const size     =    ------     ------
  edata size           =        10     ------
  bit size             =    ------     ------
  ebit size            =    ------     ------
  bitaddressable size  =    ------     ------
  ebitaddressable size =    ------     ------
  far data size        =    ------     ------
  huge data size       =    ------     ------
  const size           =    ------     ------
  hconst size          =    ------     ------
End of Module Information.


C251 COMPILATION COMPLETE.  0 WARNING(S),  0 ERROR(S)
