C251 COMPILER V5.60.0,  main                                                               30/05/26  17:37:54  PAGE 1   


C251 COMPILER V5.60.0, COMPILATION OF MODULE main
OBJECT MODULE PLACED IN .\OBJ_Out\main.obj
COMPILER INVOKED BY: D:\keil5-C251\C251\BIN\C251.EXE ..\User\main.c XSMALL OA UNSIGNED_CHAR FLOAT64 BROWSE INCDIR(..\LQ_
                    -APP\Inc;..\LQ_APP\Src;..\Driver;..\Driver\Inc;..\User;..\LQ_LIB\Inc;..\User_Code;..\control;..\UserCode;..\UserCode\APP;
                    -..\UserCode\BSP;..\UserCode\MIDDLE) DEFINE(AI8051U_32Bit) DEBUG PRINT(.\OBJ_Out\main.lst) TABS(2) OBJECT(.\OBJ_Out\main.
                    -obj) 

stmt  level    source

    1          /*LLLLLLLLLLLLLLLLLLLLLLLLLLLLLLLLLLLLLLLLLLLLLLLLLLLLLLLLLLLLLLLLLLLLLLLLLLLLLLLLL
    2           【平    台】北京龙邱智能科技STC32位核心板
    3           【编    写】龙邱科技
    4           【E-mail  】chiusir@163.com
    5           【软件版本】V1.1 版权所有，单位使用请先联系授权
    6           【相关信息参考下列地址】
    7           【网    站】http://www.lqist.cn
    8           【淘宝店铺】http://longqiu.taobao.com
    9           --------------------------------------------------------------------------------
   10           【  IDE  】 keil C251 V5.60
   11           【Target 】 STC32G/STC8051U/AI8051U 32位模式
   12           【SYS CLK】 40 MHz使用内部晶振
   13          QQQQQQQQQQQQQQQQQQQQQQQQQQQQQQQQQQQQQQQQQQQQQQQQQQQQQQQQQQQQQQQQQQQQQQQQQQQQQQQQQQQ*/
   14          
   15          // 下载时, 选择时钟频率 与"config.h"中宏定义保持一致 默认使用40M主频
   16          
   17          
   18          #include "include.h"
   19          #include "init.h"
   20          #include "motor.h"
   21          
   22          void main(void)
   23          {
   24   1      //  int vofa_timer = 0;
   25   1          System_Init(); /* 系统初始化 必须保留 */
   26   1          Global_IRQ_Enable(); // 使能全局中断
   27   1          GPIO_LED_Init();
   28   1          
   29   1          User_Init(); // 统一初始化所有外设和模块
   30   1          while (1)
   31   1          {
   32   2            Lcd_Display();
   33   2            //BLmotor_Ctrl_w1(1200);
   34   2            /*vofa 用于速度环PID调参*/
   35   2      //      vofa_timer++;
   36   2      //      if(vofa_timer >= 2)
   37   2      //      {
   38   2      //        vofa_timer = 0;
   39   2      //        printf("%d,%d,%d\n", vofa_target_speed, vofa_current_speed, vofa_out_pwm);
   40   2      //      }
   41   2            LED_Ctrl(LED0, RVS);
   42   2          }
   43   1      }
   44          


Module Information          Static   Overlayable
------------------------------------------------
  code size            =        42     ------
  ecode size           =    ------     ------
  data size            =    ------     ------
  idata size           =    ------     ------
  pdata size           =    ------     ------
  xdata size           =    ------     ------
  xdata-const size     =    ------     ------
  edata size           =    ------     ------
  bit size             =    ------     ------
C251 COMPILER V5.60.0,  main                                                               30/05/26  17:37:54  PAGE 2   

  ebit size            =    ------     ------
  bitaddressable size  =    ------     ------
  ebitaddressable size =    ------     ------
  far data size        =    ------     ------
  huge data size       =    ------     ------
  const size           =    ------     ------
  hconst size          =         2     ------
End of Module Information.


C251 COMPILATION COMPLETE.  0 WARNING(S),  0 ERROR(S)
