C251 COMPILER V5.60.0,  AI8051U_Timer_Isr                                                  23/04/26  20:37:22  PAGE 1   


C251 COMPILER V5.60.0, COMPILATION OF MODULE AI8051U_Timer_Isr
OBJECT MODULE PLACED IN .\OBJ_Out\AI8051U_Timer_Isr.obj
COMPILER INVOKED BY: F:\Keil_v5\C251\BIN\C251.EXE ..\Driver\isr\AI8051U_Timer_Isr.c XSMALL OA UNSIGNED_CHAR FLOAT64 BROW
                    -SE INCDIR(..\LQ_APP\Inc;..\LQ_APP\Src;..\Driver;..\Driver\Inc;..\User;..\LQ_LIB\Inc;..\User_Code;..\control) DEFINE(AI80
                    -51U_32Bit) DEBUG PRINT(.\OBJ_Out\AI8051U_Timer_Isr.lst) TABS(2) OBJECT(.\OBJ_Out\AI8051U_Timer_Isr.obj) 

stmt  level    source

    1          /*---------------------------------------------------------------------*/
    2          /* ------------------- Web: www.STCAI.com -----------------------------*/
    3          /*---------------------------------------------------------------------*/
    4          
    5          #include "AI8051U_Timer.h"
    6          #include "include.h"
    7          
    8          //========================================================================
    9          // 函数: Timer0_ISR_Handler
   10          // 描述: Timer0中断函数.
   11          // 参数: none.
   12          // 返回: none.
   13          // 版本: V1.0, 2024-11-23
   14          //========================================================================
   15          u8 times_count =0;
   16          void Timer0_ISR_Handler (void) interrupt TMR0_VECTOR    //进中断时已经清除标志
   17          {
   18   1        // TODO: 在此处添加用户代码
   19   1      
   20   1      //    times_count++;
   21   1      //    if(times_count>20)   //200ms
   22   1          {
   23   2              /*归一化算法  用于电感调参*/
   24   2              left_1 = Adc_Normalize(L,0,2100);
   25   2              left_2 = Adc_Normalize(L2,0,2000);
   26   2              AM = Adc_Normalize(M,0,2400);
   27   2              right_2 = Adc_Normalize(R2,0,2200);
   28   2              right_1 = Adc_Normalize(R,0,2100);
   29   2              
   30   2              LED_Ctrl(LED0,RVS);
   31   2      //        times_count = 0;
   32   2          }
   33   1      }
   34          
   35          //========================================================================
   36          // 函数: Timer1_ISR_Handler
   37          // 描述: Timer1中断函数.
   38          // 参数: none.
   39          // 返回: none.
   40          // 版本: V1.0, 2020-09-23
   41          //========================================================================
   42          void Timer1_ISR_Handler (void) interrupt TMR1_VECTOR    //进中断时已经清除标志
   43          {
   44   1        // TODO: 在此处添加用户代码
   45   1        Ultima_Control();
   46   1        ADC_Display();
   47   1      //  LED_Ctrl(LED0,RVS);
   48   1      }
   49          
   50          //========================================================================
   51          // 函数: Timer2_ISR_Handler
   52          // 描述: Timer2中断函数.
   53          // 参数: none.
   54          // 返回: none.
   55          // 版本: V1.0, 2020-09-23
   56          //========================================================================
   57          void Timer2_ISR_Handler (void) interrupt TMR2_VECTOR    //进中断时已经清除标志
C251 COMPILER V5.60.0,  AI8051U_Timer_Isr                                                  23/04/26  20:37:22  PAGE 2   

   58          {
   59   1        // TODO: 在此处添加用户代码
   60   1      //  LED_Ctrl(LED0,RVS);
   61   1      }
   62          
   63          //========================================================================
   64          // 函数: Timer3_ISR_Handler
   65          // 描述: Timer3中断函数.
   66          // 参数: none.
   67          // 返回: none.
   68          // 版本: V1.0, 2020-09-23
   69          //========================================================================
   70          void Timer3_ISR_Handler (void) interrupt TMR3_VECTOR    //进中断时已经清除标志
   71          {
   72   1        // TODO: 在此处添加用户代码
   73   1      //  LED_Ctrl(LED0,RVS);
   74   1      }
   75          
   76          //========================================================================
   77          // 函数: Timer4_ISR_Handler
   78          // 描述: Timer4中断函数.
   79          // 参数: none.
   80          // 返回: none.
   81          // 版本: V1.0, 2020-09-23
   82          //========================================================================
   83          void Timer4_ISR_Handler (void) interrupt TMR4_VECTOR    //进中断时已经清除标志
   84          {
   85   1        // TODO: 在此处添加用户代码
   86   1      //  LED_Ctrl(LED1,RVS);
   87   1      }
   88          
   89          
   90          //========================================================================
   91          // 函数: Timer4_ISR_Handler
   92          // 描述: Timer4中断函数.
   93          // 参数: none.
   94          // 返回: none.
   95          // 版本: V1.0, 2020-09-23
   96          //========================================================================
   97          void Timer11_ISR_Handler (void) interrupt TMR11_VECTOR    //进中断时已经清除标志
   98          {
   99   1        // TODO: 在此处添加用户代码
  100   1        LED_Ctrl(LED0,RVS);
  101   1      //    LED_Ctrl(Beep0,RVS);
  102   1      }
  103          
  104          


Module Information          Static   Overlayable
------------------------------------------------
  code size            =       383     ------
  ecode size           =    ------     ------
  data size            =    ------     ------
  idata size           =    ------     ------
  pdata size           =    ------     ------
  xdata size           =    ------     ------
  xdata-const size     =    ------     ------
  edata size           =         1     ------
  bit size             =    ------     ------
  ebit size            =    ------     ------
  bitaddressable size  =    ------     ------
  ebitaddressable size =    ------     ------
  far data size        =    ------     ------
  huge data size       =    ------     ------
  const size           =    ------     ------
  hconst size          =         5     ------
C251 COMPILER V5.60.0,  AI8051U_Timer_Isr                                                  23/04/26  20:37:22  PAGE 3   

End of Module Information.


C251 COMPILATION COMPLETE.  0 WARNING(S),  0 ERROR(S)
