C251 COMPILER V5.60.0,  AI8051U_Timer_Isr                                                  06/06/26  23:25:48  PAGE 1   


C251 COMPILER V5.60.0, COMPILATION OF MODULE AI8051U_Timer_Isr
OBJECT MODULE PLACED IN .\OBJ_Out\AI8051U_Timer_Isr.obj
COMPILER INVOKED BY: F:\Keil_v5\C251\BIN\C251.EXE ..\Driver\isr\AI8051U_Timer_Isr.c XSMALL OA UNSIGNED_CHAR FLOAT64 BROW
                    -SE INCDIR(..\LQ_APP\Inc;..\LQ_APP\Src;..\Driver;..\Driver\Inc;..\User;..\LQ_LIB\Inc;..\User_Code;..\control;..\UserCode;
                    -..\UserCode\APP;..\UserCode\BSP;..\UserCode\MIDDLE) DEFINE(AI8051U_32Bit) DEBUG PRINT(.\OBJ_Out\AI8051U_Timer_Isr.lst) T
                    -ABS(2) OBJECT(.\OBJ_Out\AI8051U_Timer_Isr.obj) 

stmt  level    source

    1          /*---------------------------------------------------------------------*/
    2          /* ------------------- Web: www.STCAI.com -----------------------------*/
    3          /*---------------------------------------------------------------------*/
    4          
    5          #include "AI8051U_Timer.h"
    6          #include "include.h"
    7          #include "inductance.h"
    8          #include "motor.h"
    9          #include "init.h"
   10          
   11          extern volatile bit flag_20ms_lcd;
   12          //========================================================================
   13          // 函数: Timer0_ISR_Handler
   14          // 描述: Timer0中断函数.
   15          // 参数: none.
   16          // 返回: none.
   17          // 版本: V1.0, 2024-11-23
   18          //========================================================================
   19          void Timer0_ISR_Handler (void) interrupt TMR0_VECTOR    //进中断时已经清除标志
   20          {
   21   1        ScanInductance();
   22   1      }
   23          
   24          //========================================================================
   25          // 函数: Timer1_ISR_Handler
   26          // 描述: Timer1中断函数.
   27          // 参数: none.
   28          // 返回: none.
   29          // 版本: V1.0, 2020-09-23
   30          //========================================================================
   31          void Timer1_ISR_Handler (void) interrupt TMR1_VECTOR    //进中断时已经清除标志
   32          {
   33   1        // 使用chassis控制: 外环差比和+方向PID，内环速度环PID
   34   1          Chassis_Control();
   35   1      }
   36          
   37          //========================================================================
   38          // 函数: Timer2_ISR_Handler
   39          // 描述: Timer2中断函数.
   40          // 参数: none.
   41          // 返回: none.
   42          // 版本: V1.0, 2020-09-23
   43          //========================================================================
   44          void Timer2_ISR_Handler (void) interrupt TMR2_VECTOR    //进中断时已经清除标志
   45          {
   46   1        // TODO: 在此处添加用户代码
   47   1      //  LED_Ctrl(LED0,RVS);
   48   1      }
   49          
   50          //========================================================================
   51          // 函数: Timer3_ISR_Handler
   52          // 描述: Timer3中断函数.
   53          // 参数: none.
   54          // 返回: none.
   55          // 版本: V1.0, 2020-09-23
   56          //========================================================================
C251 COMPILER V5.60.0,  AI8051U_Timer_Isr                                                  06/06/26  23:25:48  PAGE 2   

   57          void Timer3_ISR_Handler (void) interrupt TMR3_VECTOR    //进中断时已经清除标志
   58          {
   59   1        // TODO: 在此处添加用户代码
   60   1      //  LED_Ctrl(LED0,RVS);
   61   1      }
   62          
   63          //========================================================================
   64          // 函数: Timer4_ISR_Handler
   65          // 描述: Timer4中断函数.
   66          // 参数: none.
   67          // 返回: none.
   68          // 版本: V1.0, 2020-09-23
   69          //========================================================================
   70          void Timer4_ISR_Handler (void) interrupt TMR4_VECTOR    //进中断时已经清除标志
   71          {
   72   1        // TODO: 在此处添加用户代码
   73   1      //  LED_Ctrl(LED1,RVS);
   74   1      }
   75          
   76          
   77          //========================================================================
   78          // 函数: Timer4_ISR_Handler
   79          // 描述: Timer4中断函数.
   80          // 参数: none.
   81          // 返回: none.
   82          // 版本: V1.0, 2020-09-23
   83          //========================================================================
   84          void Timer11_ISR_Handler (void) interrupt TMR11_VECTOR    //进中断时已经清除标志
   85          {
   86   1        // TODO: 在此处添加用户代码
   87   1        flag_20ms_lcd = 1;
   88   1        
   89   1      //  LED_Ctrl(LED0,RVS);
   90   1      //    LED_Ctrl(Beep0,RVS);
   91   1      }
   92          
   93          


Module Information          Static   Overlayable
------------------------------------------------
  code size            =       112     ------
  ecode size           =    ------     ------
  data size            =    ------     ------
  idata size           =    ------     ------
  pdata size           =    ------     ------
  xdata size           =    ------     ------
  xdata-const size     =    ------     ------
  edata size           =    ------     ------
  bit size             =    ------     ------
  ebit size            =    ------     ------
  bitaddressable size  =    ------     ------
  ebitaddressable size =    ------     ------
  far data size        =    ------     ------
  huge data size       =    ------     ------
  const size           =    ------     ------
  hconst size          =    ------     ------
End of Module Information.


C251 COMPILATION COMPLETE.  0 WARNING(S),  0 ERROR(S)
