C251 COMPILER V5.60.0,  AI8051U_RTC_Isr                                                    21/06/26  23:15:57  PAGE 1   


C251 COMPILER V5.60.0, COMPILATION OF MODULE AI8051U_RTC_Isr
OBJECT MODULE PLACED IN .\OBJ_Out\AI8051U_RTC_Isr.obj
COMPILER INVOKED BY: F:\Keil_v5\C251\BIN\C251.EXE ..\Driver\isr\AI8051U_RTC_Isr.c XSMALL OA UNSIGNED_CHAR FLOAT64 BROWSE
                    - INCDIR(..\LQ_APP\Inc;..\LQ_APP\Src;..\Driver;..\Driver\Inc;..\User;..\LQ_LIB\Inc;..\User_Code;..\control;..\UserCode;..
                    -\UserCode\APP;..\UserCode\BSP;..\UserCode\MIDDLE) DEFINE(AI8051U_32Bit) DEBUG PRINT(.\OBJ_Out\AI8051U_RTC_Isr.lst) TABS(
                    -2) OBJECT(.\OBJ_Out\AI8051U_RTC_Isr.obj) 

stmt  level    source

    1          /*---------------------------------------------------------------------*/
    2          /* ------------------- Web: www.STCAI.com -----------------------------*/
    3          /*---------------------------------------------------------------------*/
    4          
    5          #include  "AI8051U_RTC.h"
    6          
    7          bit B_1S;
    8          bit B_Alarm;
    9          
   10          //========================================================================
   11          // 函数: RTC_ISR_Handler
   12          // 描述: RTC中断函数.
   13          // 参数: none.
   14          // 返回: none.
   15          // 版本: V1.0, 2022-03-21
   16          //========================================================================
   17          void RTC_ISR_Handler (void) interrupt RTC_VECTOR
   18          {
   19   1        // TODO: 在此处添加用户代码
   20   1        if(RTCIF & 0x80)    //闹钟中断
   21   1        {
   22   2          P01 = !P01;
   23   2          RTCIF &= ~0x80;
   24   2          B_Alarm = 1;
   25   2        }
   26   1      
   27   1        if(RTCIF & 0x08)    //秒中断
   28   1        {
   29   2          P00 = !P00;
   30   2          RTCIF &= ~0x08;
   31   2          B_1S = 1;
   32   2        }
   33   1      }
   34          
   35          


Module Information          Static   Overlayable
------------------------------------------------
  code size            =        84     ------
  ecode size           =    ------     ------
  data size            =    ------     ------
  idata size           =    ------     ------
  pdata size           =    ------     ------
  xdata size           =    ------     ------
  xdata-const size     =    ------     ------
  edata size           =    ------     ------
  bit size             =         2     ------
  ebit size            =    ------     ------
  bitaddressable size  =    ------     ------
  ebitaddressable size =    ------     ------
  far data size        =    ------     ------
  huge data size       =    ------     ------
  const size           =    ------     ------
  hconst size          =    ------     ------
End of Module Information.


C251 COMPILATION COMPLETE.  0 WARNING(S),  0 ERROR(S)
