C251 COMPILER V5.60.0,  AI8051U_I2C                                                        04/05/26  16:38:10  PAGE 1   


C251 COMPILER V5.60.0, COMPILATION OF MODULE AI8051U_I2C
OBJECT MODULE PLACED IN .\OBJ_Out\AI8051U_I2C.obj
COMPILER INVOKED BY: F:\Keil_v5\C251\BIN\C251.EXE ..\Driver\Src\AI8051U_I2C.c XSMALL OA UNSIGNED_CHAR FLOAT64 BROWSE INC
                    -DIR(..\LQ_APP\Inc;..\LQ_APP\Src;..\Driver;..\Driver\Inc;..\User;..\LQ_LIB\Inc;..\User_Code;..\control;..\UserCode;..\Use
                    -rCode\APP;..\UserCode\BSP;..\UserCode\MIDDLE) DEFINE(AI8051U_32Bit) DEBUG PRINT(.\OBJ_Out\AI8051U_I2C.lst) TABS(2) OBJEC
                    -T(.\OBJ_Out\AI8051U_I2C.obj) 

stmt  level    source

    1          /*---------------------------------------------------------------------*/
    2          /* ------------------- Web: www.STCAI.com -----------------------------*/
    3          /*---------------------------------------------------------------------*/
    4          
    5          #include "AI8051U_I2C.h"
    6          
    7          u8 I2C_BUF_type I2C_Buffer[I2C_BUF_LENTH];
    8          
    9          //========================================================================
   10          // 函数: void I2C_Init(I2C_InitTypeDef *I2Cx)
   11          // 描述: I2C初始化程序.
   12          // 参数: I2Cx: 结构参数,请参考I2C.h里的定义.
   13          // 返回: none.
   14          // 版本: V1.0, 2012-11-22
   15          //========================================================================
   16          void I2C_Init(I2C_InitTypeDef *I2Cx)
   17          {
   18   1        if (I2Cx->I2C_Mode == I2C_Mode_Master)
   19   1        {
   20   2          I2C_Master(); // 设为主机
   21   2          I2CMSST = 0x00; // 清除I2C主机状态寄存器
   22   2          I2C_SetSpeed(I2Cx->I2C_Speed);
   23   2          if (I2Cx->I2C_MS_WDTA == ENABLE)
   24   2            I2C_WDTA_EN(); // 使能自动发送
   25   2          else
   26   2            I2C_WDTA_DIS(); // 禁止自动发送
   27   2        }
   28   1        else
   29   1        {
   30   2          I2C_Slave();  // 设为从机
   31   2          I2CSLST = 0x00; // 清除I2C从机状态寄存器
   32   2          I2C_Address(I2Cx->I2C_SL_ADR);
   33   2          if (I2Cx->I2C_SL_MA == ENABLE)
   34   2            I2C_MATCH_EN(); // 从机地址比较功能，只接受相匹配地址
   35   2          else
   36   2            I2C_MATCH_DIS(); // 禁止从机地址比较功能，接受所有设备地址
   37   2        }
   38   1      
   39   1        I2C_Function(I2Cx->I2C_Enable);
   40   1      }
   41          
   42          //========================================================================
   43          // 函数: u8 Get_MSBusy_Status (void)
   44          // 描述: 获取主机忙碌状态.
   45          // 参数: none.
   46          // 返回: 主机忙碌状态.
   47          // 版本: V1.0, 2012-11-22
   48          //========================================================================
   49          u8 Get_MSBusy_Status(void)
   50          {
   51   1        return (I2CMSST & 0x80);
   52   1      }
   53          
   54          //========================================================================
   55          // 函数: void Wait (void)
   56          // 描述: 等待主机模式I2C控制器执行完成I2CMSCR.
C251 COMPILER V5.60.0,  AI8051U_I2C                                                        04/05/26  16:38:10  PAGE 2   

   57          // 参数: none.
   58          // 返回: none.
   59          // 版本: V1.0, 2012-11-22
   60          //========================================================================
   61          void Wait()
   62          {
   63   1        while (!(I2CMSST & 0x40))
   64   1          ;
   65   1        I2CMSST &= ~0x40;
   66   1      }
   67          
   68          //========================================================================
   69          // 函数: void Start (void)
   70          // 描述: I2C总线起始函数.
   71          // 参数: none.
   72          // 返回: none.
   73          // 版本: V1.0, 2020-09-15
   74          //========================================================================
   75          void Start()
   76          {
   77   1        I2CMSCR = 0x01; // 发送START命令
   78   1        Wait();
   79   1      }
   80          
   81          //========================================================================
   82          // 函数: void SendData (char dat)
   83          // 描述: I2C发送一个字节数据函数.
   84          // 参数: 发送的数据.
   85          // 返回: none.
   86          // 版本: V1.0, 2020-09-15
   87          //========================================================================
   88          void SendData(char dat)
   89          {
   90   1        I2CTXD = dat; // 写数据到数据缓冲区
   91   1        I2CMSCR = 0x02; // 发送SEND命令
   92   1        Wait();
   93   1      }
   94          
   95          //========================================================================
   96          // 函数: void RecvACK (void)
   97          // 描述: I2C获取ACK函数.
   98          // 参数: none.
   99          // 返回: none.
  100          // 版本: V1.0, 2020-09-15
  101          //========================================================================
  102          void RecvACK()
  103          {
  104   1        I2CMSCR = 0x03; // 发送读ACK命令
  105   1        Wait();
  106   1      }
  107          
  108          //========================================================================
  109          // 函数: char RecvData (void)
  110          // 描述: I2C读取一个字节数据函数.
  111          // 参数: none.
  112          // 返回: 读取数据.
  113          // 版本: V1.0, 2020-09-15
  114          //========================================================================
  115          char RecvData()
  116          {
  117   1        I2CMSCR = 0x04; // 发送RECV命令
  118   1        Wait();
  119   1        return I2CRXD;
  120   1      }
  121          
  122          //========================================================================
C251 COMPILER V5.60.0,  AI8051U_I2C                                                        04/05/26  16:38:10  PAGE 3   

  123          // 函数: void SendACK (void)
  124          // 描述: I2C发送ACK函数.
  125          // 参数: none.
  126          // 返回: none.
  127          // 版本: V1.0, 2020-09-15
  128          //========================================================================
  129          void SendACK()
  130          {
  131   1        I2CMSST = 0x00; // 设置ACK信号
  132   1        I2CMSCR = 0x05; // 发送ACK命令
  133   1        Wait();
  134   1      }
  135          
  136          //========================================================================
  137          // 函数: void SendNAK (void)
  138          // 描述: I2C发送NAK函数.
  139          // 参数: none.
  140          // 返回: none.
  141          // 版本: V1.0, 2020-09-15
  142          //========================================================================
  143          void SendNAK()
  144          {
  145   1        I2CMSST = 0x01; // 设置NAK信号
  146   1        I2CMSCR = 0x05; // 发送ACK命令
  147   1        Wait();
  148   1      }
  149          
  150          //========================================================================
  151          // 函数: void Stop (void)
  152          // 描述: I2C总线停止函数.
  153          // 参数: none.
  154          // 返回: none.
  155          // 版本: V1.0, 2020-09-15
  156          //========================================================================
  157          void Stop()
  158          {
  159   1        I2CMSCR = 0x06; // 发送STOP命令
  160   1        Wait();
  161   1      }
  162          
  163          //========================================================================
  164          // 函数: void SendCmdData (u8 cmd, u8 dat)
  165          // 描述: I2C发送一个字节数据函数.
  166          // 参数: 命令/数据.
  167          // 返回: none.
  168          // 版本: V1.0, 2020-09-15
  169          //========================================================================
  170          void SendCmdData(u8 cmd, u8 dat)
  171          {
  172   1        I2CTXD = dat;  // 写数据到数据缓冲区
  173   1        I2CMSCR = cmd; // 设置命令
  174   1        Wait();
  175   1      }
  176          
  177          //========================================================================
  178          // 函数: void I2C_WriteNbyte(u8 dev_addr, u8 mem_addr, u8 *p, u8 number)
  179          // 描述: I2C写入数据函数.
  180          // 参数: dev_addr: 设备地址, mem_addr: 存储地址, *p写入数据存储位置, number写入数据个数.
  181          // 返回: none.
  182          // 版本: V1.0, 2020-09-15
  183          //========================================================================
  184          void I2C_WriteNbyte(u8 dev_addr, u8 mem_addr, u8 *p, u8 number) /*  DeviceAddress,WordAddress,First Data 
             -Address,Byte lenth   */
  185          {
  186   1        Start();      // 发送起始命令
  187   1        SendData(dev_addr); // 发送设备地址+写命令
C251 COMPILER V5.60.0,  AI8051U_I2C                                                        04/05/26  16:38:10  PAGE 4   

  188   1        RecvACK();
  189   1        SendData(mem_addr); // 发送存储地址
  190   1        RecvACK();
  191   1        do
  192   1        {
  193   2          SendData(*p++);
  194   2          RecvACK();
  195   2        } while (--number);
  196   1        Stop(); // 发送停止命令
  197   1      }
  198          
  199          //========================================================================
  200          // 函数: void I2C_ReadNbyte(u8 dev_addr, u8 mem_addr, u8 *p, u8 number)
  201          // 描述: I2C读取数据函数.
  202          // 参数: dev_addr: 设备地址, mem_addr: 存储地址, *p读取数据存储位置, number读取数据个数.
  203          // 返回: none.
  204          // 版本: V1.0, 2020-09-15
  205          //========================================================================
  206          void I2C_ReadNbyte(u8 dev_addr, u8 mem_addr, u8 *p, u8 number) /*  DeviceAddress,WordAddress,First Data A
             -ddress,Byte lenth   */
  207          {
  208   1        Start();      // 发送起始命令
  209   1        SendData(dev_addr); // 发送设备地址+写命令
  210   1        RecvACK();
  211   1        SendData(mem_addr); // 发送存储地址
  212   1        RecvACK();
  213   1        Start();        // 发送起始命令
  214   1        SendData(dev_addr | 1); // 发送设备地址+读命令
  215   1        RecvACK();
  216   1        do
  217   1        {
  218   2          *p = RecvData();
  219   2          p++;
  220   2          if (number != 1)
  221   2            SendACK(); // send ACK
  222   2        } while (--number);
  223   1        SendNAK(); // send no ACK
  224   1        Stop();    // 发送停止命令
  225   1      }


Module Information          Static   Overlayable
------------------------------------------------
  code size            =       589     ------
  ecode size           =    ------     ------
  data size            =    ------     ------
  idata size           =    ------     ------
  pdata size           =    ------     ------
  xdata size           =    ------     ------
  xdata-const size     =    ------     ------
  edata size           =         8          6
  bit size             =    ------     ------
  ebit size            =    ------     ------
  bitaddressable size  =    ------     ------
  ebitaddressable size =    ------     ------
  far data size        =    ------     ------
  huge data size       =    ------     ------
  const size           =    ------     ------
  hconst size          =    ------     ------
End of Module Information.


C251 COMPILATION COMPLETE.  0 WARNING(S),  0 ERROR(S)
