C251 COMPILER V5.60.0,  AI8051U_Timer_Isr                                                  04/05/26  20:45:40  PAGE 1   


C251 COMPILER V5.60.0, COMPILATION OF MODULE AI8051U_Timer_Isr
OBJECT MODULE PLACED IN .\OBJ_Out\AI8051U_Timer_Isr.obj
COMPILER INVOKED BY: F:\Keil_v5\C251\BIN\C251.EXE ..\Driver\isr\AI8051U_Timer_Isr.c XSMALL OA UNSIGNED_CHAR FLOAT64 BROW
                    -SE INCDIR(..\LQ_APP\Inc;..\LQ_APP\Src;..\Driver;..\Driver\Inc;..\User;..\LQ_LIB\Inc;..\User_Code;..\control;..\UserCode;
                    -..\UserCode\APP;..\UserCode\BSP;..\UserCode\MIDDLE) DEFINE(AI8051U_32Bit) DEBUG PRINT(.\OBJ_Out\AI8051U_Timer_Isr.lst) T
                    -ABS(2) OBJECT(.\OBJ_Out\AI8051U_Timer_Isr.obj) 

stmt  level    source

    1          /*---------------------------------------------------------------------*/
    2          /* ------------------- Web: www.STCAI.com -----------------------------*/
    3          /*---------------------------------------------------------------------*/
    4          
    5          #include "AI8051U_Timer.h"
    6          #include "include.h"
    7          #include "inductance.h"
    8          #include "motor.h"
    9          
   10          //========================================================================
   11          // 函数: Timer0_ISR_Handler
   12          // 描述: Timer0中断函数.
   13          // 参数: none.
   14          // 返回: none.
   15          // 版本: V1.0, 2024-11-23
   16          //========================================================================
   17          void Timer0_ISR_Handler (void) interrupt TMR0_VECTOR    //进中断时已经清除标志
   18          {
   19   1        ScanInductance();
   20   1      }
   21          
   22          //========================================================================
   23          // 函数: Timer1_ISR_Handler
   24          // 描述: Timer1中断函数.
   25          // 参数: none.
   26          // 返回: none.
   27          // 版本: V1.0, 2020-09-23
   28          //========================================================================
   29          void Timer1_ISR_Handler (void) interrupt TMR1_VECTOR    //进中断时已经清除标志
   30          {
   31   1        
   32   1      }
   33          
   34          //========================================================================
   35          // 函数: Timer2_ISR_Handler
   36          // 描述: Timer2中断函数.
   37          // 参数: none.
   38          // 返回: none.
   39          // 版本: V1.0, 2020-09-23
   40          //========================================================================
   41          void Timer2_ISR_Handler (void) interrupt TMR2_VECTOR    //进中断时已经清除标志
   42          {
   43   1        // TODO: 在此处添加用户代码
   44   1      //  LED_Ctrl(LED0,RVS);
   45   1      }
   46          
   47          //========================================================================
   48          // 函数: Timer3_ISR_Handler
   49          // 描述: Timer3中断函数.
   50          // 参数: none.
   51          // 返回: none.
   52          // 版本: V1.0, 2020-09-23
   53          //========================================================================
   54          void Timer3_ISR_Handler (void) interrupt TMR3_VECTOR    //进中断时已经清除标志
   55          {
   56   1        // TODO: 在此处添加用户代码
C251 COMPILER V5.60.0,  AI8051U_Timer_Isr                                                  04/05/26  20:45:40  PAGE 2   

   57   1      //  LED_Ctrl(LED0,RVS);
   58   1      }
   59          
   60          //========================================================================
   61          // 函数: Timer4_ISR_Handler
   62          // 描述: Timer4中断函数.
   63          // 参数: none.
   64          // 返回: none.
   65          // 版本: V1.0, 2020-09-23
   66          //========================================================================
   67          void Timer4_ISR_Handler (void) interrupt TMR4_VECTOR    //进中断时已经清除标志
   68          {
   69   1        // TODO: 在此处添加用户代码
   70   1      //  LED_Ctrl(LED1,RVS);
   71   1      }
   72          
   73          
   74          //========================================================================
   75          // 函数: Timer4_ISR_Handler
   76          // 描述: Timer4中断函数.
   77          // 参数: none.
   78          // 返回: none.
   79          // 版本: V1.0, 2020-09-23
   80          //========================================================================
   81          void Timer11_ISR_Handler (void) interrupt TMR11_VECTOR    //进中断时已经清除标志
   82          {
   83   1        // TODO: 在此处添加用户代码
   84   1      //  LED_Ctrl(LED0,RVS);
   85   1      //    LED_Ctrl(Beep0,RVS);
   86   1      }
   87          
   88          


Module Information          Static   Overlayable
------------------------------------------------
  code size            =        67     ------
  ecode size           =    ------     ------
  data size            =    ------     ------
  idata size           =    ------     ------
  pdata size           =    ------     ------
  xdata size           =    ------     ------
  xdata-const size     =    ------     ------
  edata size           =    ------     ------
  bit size             =    ------     ------
  ebit size            =    ------     ------
  bitaddressable size  =    ------     ------
  ebitaddressable size =    ------     ------
  far data size        =    ------     ------
  huge data size       =    ------     ------
  const size           =    ------     ------
  hconst size          =    ------     ------
End of Module Information.


C251 COMPILATION COMPLETE.  0 WARNING(S),  0 ERROR(S)
