C251 COMPILER V5.60.0,  lcd                                                                07/06/26  01:19:23  PAGE 1   


C251 COMPILER V5.60.0, COMPILATION OF MODULE lcd
OBJECT MODULE PLACED IN .\OBJ_Out\lcd.obj
COMPILER INVOKED BY: F:\Keil_v5\C251\BIN\C251.EXE ..\UserCode\MIDDLE\lcd.c XSMALL OA UNSIGNED_CHAR FLOAT64 BROWSE INCDIR
                    -(..\LQ_APP\Inc;..\LQ_APP\Src;..\Driver;..\Driver\Inc;..\User;..\LQ_LIB\Inc;..\User_Code;..\control;..\UserCode;..\UserCo
                    -de\APP;..\UserCode\BSP;..\UserCode\MIDDLE) DEFINE(AI8051U_32Bit) DEBUG PRINT(.\OBJ_Out\lcd.lst) TABS(2) OBJECT(.\OBJ_Out
                    -\lcd.obj) 

stmt  level    source

    1          #include "lcd.h"
    2          #include "inductance.h"
    3          #include "chassis.h"
    4          #include "motor.h"
    5          char txt[30];
    6          int *inductance_values; // 用于存储电感值的全局变量
    7          uint8 selected_param = 0;
    8          float tune_step = 0.1f;  // 默认步进值，可以通过左右键改变
    9          /**
   10           * @brief 显示电磁传感器数据
   11           * 显示归一化后的五个电感值
   12           * @param values 电感值数组 [L1, L2, M, R1, R2]
   13           */
   14          void Lcd_Display(void)
   15          {
   16   1          const PID_TypeDef *dir_pid = PID_GetController(2);
   17   1        const PID_TypeDef *v_pid = PID_GetController(1);
   18   1        const PID_TypeDef *pid = PID_GetController(3);
   19   1          inductance_values = GetInductance(); // 将只读电感值赋值给局部变量
   20   1      
   21   1          sprintf(txt, "L1:%03d %03d M:%03d  ", inductance_values[0],inductance_values[1],inductance_values[2]);
   22   1          LCD_ShowStr_16(0, 0, txt, u16_RED_IPS, u16_BLACK);
   23   1          
   24   1          sprintf(txt, "R1:%03d %03d BV: %04d  ", inductance_values[3],inductance_values[4],current_adc);
   25   1          LCD_ShowStr_16(0, 1, txt, u16_RED_IPS, u16_BLACK);
   26   1      //    
   27   1      //    sprintf(txt,"battery:%05d  ",current_adc);
   28   1      //    LCD_ShowStr_16(0, 0, txt, u16_RED_IPS, u16_BLACK);
   29   1        // 第 1 行：显示 Kp。如果选中了 Kp，前面显示小箭头
   30   1          if (selected_param == 0)
   31   1            sprintf(txt, "-> Kp: %4.2f  Tspeed:%d ", pid->Kp,chassis.target_speed);
   32   1          else
   33   1              sprintf(txt, "   Kp: %4.2f  Tspeed:%d ", pid->Kp,chassis.target_speed);
   34   1          LCD_ShowStr_16(0, 2, txt, u16_RED_IPS, u16_BLACK);
   35   1          
   36   1          // 第 2 行：显示 Kd。如果选中了 Kd，前面显示小箭头
   37   1          if (selected_param == 2) // 为了逻辑清晰，我们用 0 代表 P，2 代表 D
   38   1              sprintf(txt, "-> Ki: %4.3f yr:%4d ", pid->Kd, actual_yaw_rate);
   39   1          else
   40   1              sprintf(txt, "   Ki: %4.3f yr:%4d    ", pid->Kd, actual_yaw_rate);
   41   1          LCD_ShowStr_16(0, 3, txt, u16_RED_IPS, u16_BLACK);
   42   1          /*偏差*/
   43   1          sprintf(txt, "Dev:%d Tyaw:%d Dout:%d   ", chassis.current_deviation,target_yaw_rate,direction_output);
   44   1          LCD_ShowStr_16(0, 4, txt, u16_RED_IPS, u16_BLACK);
   45   1          /*偏航角*/
   46   1      //    if (selected_param == 1) 
   47   1      //    {
   48   1      //        // 选中 1 时，箭头指向 target_yr
   49   1      //        sprintf(txt, "-> trg_yr:%4d  yr:%4d ", target_yaw_rate, actual_yaw_rate);
   50   1      //    }
   51   1      //    else 
   52   1      //    {
   53   1      //        // 没选中时，隐藏箭头
   54   1      //        sprintf(txt, "   trg_yr:%4d  yr:%4d ", target_yaw_rate, actual_yaw_rate);
   55   1      //    }
   56   1      //    LCD_ShowStr_16(0, 5, txt, u16_RED_IPS, u16_BLACK);
C251 COMPILER V5.60.0,  lcd                                                                07/06/26  01:19:23  PAGE 2   

   57   1          /*左右目标速度*/
   58   1          sprintf(txt,"LTS:%d RTS:%d stop:%d   ",chassis.left_speed,chassis.right_speed,stop_flag);
   59   1          LCD_ShowStr_16(0, 5, txt, u16_RED_IPS, u16_BLACK);
   60   1          sprintf(txt,"EL:%d ER:%d   ",_encoder_L,_encoder_R);
   61   1          LCD_ShowStr_16(0, 6, txt, u16_RED_IPS, u16_BLACK);
   62   1          sprintf(txt,"LPWM:%04d RPWM:%04d ",left_pwm,right_pwm);
   63   1          LCD_ShowStr_16(0, 7, txt, u16_RED_IPS, u16_BLACK);
   64   1      
   65   1      /*以下用来测电感值与显示*/
   66   1      //      sprintf(txt, "L1:%03d %05d  ", inductance_values[0],L1);
   67   1      //      LCD_ShowStr_16(0, 0, txt, u16_RED_IPS, u16_BLACK);      
   68   1      //      sprintf(txt, "L2:%03d %05d  ", inductance_values[1],L2);
   69   1      //      LCD_ShowStr_16(0, 1, txt, u16_RED_IPS, u16_BLACK);
   70   1      //      sprintf(txt, "M:%03d %05d   ", inductance_values[2],M);
   71   1      //      LCD_ShowStr_16(0, 2, txt, u16_RED_IPS, u16_BLACK);
   72   1      //      sprintf(txt, "R2:%03d %05d   ", inductance_values[4],R2);
   73   1      //      LCD_ShowStr_16(0, 3, txt, u16_RED_IPS, u16_BLACK);
   74   1      //      sprintf(txt, "R1:%03d %05d   ", inductance_values[3],R1);
   75   1      //      LCD_ShowStr_16(0, 4, txt, u16_RED_IPS, u16_BLACK);
   76   1      }
   77          


Module Information          Static   Overlayable
------------------------------------------------
  code size            =       641     ------
  ecode size           =    ------     ------
  data size            =    ------     ------
  idata size           =    ------     ------
  pdata size           =    ------     ------
  xdata size           =    ------     ------
  xdata-const size     =    ------     ------
  edata size           =        39     ------
  bit size             =    ------     ------
  ebit size            =    ------     ------
  bitaddressable size  =    ------     ------
  ebitaddressable size =    ------     ------
  far data size        =    ------     ------
  huge data size       =    ------     ------
  const size           =    ------     ------
  hconst size          =       241     ------
End of Module Information.


C251 COMPILATION COMPLETE.  0 WARNING(S),  0 ERROR(S)
