C251 COMPILER V5.60.0,  pid                                                                04/05/26  22:02:03  PAGE 1   


C251 COMPILER V5.60.0, COMPILATION OF MODULE pid
OBJECT MODULE PLACED IN .\OBJ_Out\pid.obj
COMPILER INVOKED BY: F:\Keil_v5\C251\BIN\C251.EXE ..\UserCode\MIDDLE\pid.c XSMALL OA UNSIGNED_CHAR FLOAT64 BROWSE INCDIR
                    -(..\LQ_APP\Inc;..\LQ_APP\Src;..\Driver;..\Driver\Inc;..\User;..\LQ_LIB\Inc;..\User_Code;..\control;..\UserCode;..\UserCo
                    -de\APP;..\UserCode\BSP;..\UserCode\MIDDLE) DEFINE(AI8051U_32Bit) DEBUG PRINT(.\OBJ_Out\pid.lst) TABS(2) OBJECT(.\OBJ_Out
                    -\pid.obj) 

stmt  level    source

    1          #include "pid.h"
    2          
    3          #define PID_GROUPS 3 // 可根据需要调整组数
    4          static PID_TypeDef pid_array[PID_GROUPS];
    5          
    6          // PID参数数组，按顺序：Kp, Ki, Kd, out_max, out_min,mode
    7          static const float pid_param_table[PID_GROUPS][6] = 
    8          {
    9              //左轮速度环 增量式PI
   10              {9.0f, 3.5f, 0.0f, 3000,-3200,PID_INCREMENT},
   11              //右轮速度环 增量式PI
   12              {9.0f, 3.5f, 0.0f, 3000,-3200,PID_INCREMENT},
   13              //方向环 位置式PD
   14              {0.65, 0.0f, 1.88f, 1200,-1200, PID_POSITION}
   15          };
   16          
   17          // 初始化所有PID结构体
   18          void PID_AllInit(void)
   19          {
   20   1          int i;
   21   1          for(i=0; i<PID_GROUPS; i++)
   22   1          {
   23   2              PID_Init(&pid_array[i],
   24   2                  pid_param_table[i][0],
   25   2                  pid_param_table[i][1],
   26   2                  pid_param_table[i][2],
   27   2                  pid_param_table[i][3],
   28   2                  pid_param_table[i][4],
   29   2                  (PID_Mode)((int)pid_param_table[i][5])
   30   2              );
   31   2          }
   32   1      }
   33          
   34          // PID初始化，支持位置式和增量式
   35          void PID_Init(PID_TypeDef *pid, float Kp, float Ki, float Kd, float out_max, float out_min,PID_Mode mode)
   36          {
   37   1          pid->Kp = Kp;
   38   1          pid->Ki = Ki;
   39   1          pid->Kd = Kd;
   40   1          pid->prev_error = 0;
   41   1          pid->prev_prev_error = 0;
   42   1          pid->integral = 0;
   43   1          pid->output_max = out_max;
   44   1          pid->output_min = out_min;
   45   1          pid->output = 0;
   46   1          pid->mode = mode;
   47   1      }
   48          
   49          // PID计算函数（通过索引调用）
   50          int16 PID_Calculate_ByIndex(PID_Index index, int16 current, int16 target)
   51          {
   52   1          if (index >= 0 && index < PID_GROUPS) {
   53   2              PID_TypeDef *pid = &pid_array[index];
   54   2              if (pid->mode == PID_POSITION) {
   55   3                  return PID_CascadePosition(pid, current, target);
   56   3              } else {
C251 COMPILER V5.60.0,  pid                                                                04/05/26  22:02:03  PAGE 2   

   57   3                  return PID_CascadeIncrement(pid, current, target);
   58   3              }
   59   2          }
   60   1          return 0;
   61   1      }
   62          
   63          // 串级控制 - 位置式PID
   64          int16 PID_CascadePosition(PID_TypeDef *pid, int16 current, int16 target)
   65          {
   66   1          float error, derivative, output;
   67   1          error = (float)target - (float)current;
   68   1          
   69   1          // 积分项
   70   1          pid->integral += error;
   71   1          
   72   1          // 微分项
   73   1          derivative = error - pid->prev_error;
   74   1          
   75   1          // PID计算
   76   1          output = pid->Kp * error + pid->Ki * pid->integral + pid->Kd * derivative;
   77   1          
   78   1          // 输出限幅
   79   1          if(output > pid->output_max) output = pid->output_max;
   80   1          if(output < pid->output_min) output = pid->output_min;
   81   1          
   82   1          // 更新历史误差
   83   1          pid->prev_prev_error = pid->prev_error;
   84   1          pid->prev_error = error;
   85   1          
   86   1          return (int16)output;
   87   1      }
   88          
   89          // 串级控制 - 增量式PID
   90          int16 PID_CascadeIncrement(PID_TypeDef *pid, int16 current, int16 target)
   91          {
   92   1          float error, delta, output;
   93   1          error = (float)target - (float)current;
   94   1          
   95   1          // 增量计算
   96   1          delta = pid->Kp * (error - pid->prev_error)
   97   1                      + pid->Ki * error
   98   1                      + pid->Kd * (error - 2 * pid->prev_error + pid->prev_prev_error);
   99   1          
  100   1          // 更新输出
  101   1          output = pid->output + delta;
  102   1          pid->output = output;
  103   1          
  104   1          // 输出限幅
  105   1          if(output > pid->output_max) output = pid->output_max;
  106   1          if(output < pid->output_min) output = pid->output_min;
  107   1          
  108   1          // 更新历史误差
  109   1          pid->prev_prev_error = pid->prev_error;
  110   1          pid->prev_error = error;
  111   1          
  112   1          return (int16)output;
  113   1      }
  114          
  115          // 获取特定PID控制器的只读指针
  116          const PID_TypeDef* PID_GetController(PID_Index index)
  117          {
  118   1          if (index >= 0 && index < PID_GROUPS) {
  119   2              return &pid_array[index];
  120   2          }
  121   1          return NULL;
  122   1      }
C251 COMPILER V5.60.0,  pid                                                                04/05/26  22:02:03  PAGE 3   



Module Information          Static   Overlayable
------------------------------------------------
  code size            =       779     ------
  ecode size           =    ------     ------
  data size            =    ------     ------
  idata size           =    ------     ------
  pdata size           =    ------     ------
  xdata size           =    ------     ------
  xdata-const size     =    ------     ------
  edata size           =       114         18
  bit size             =    ------     ------
  ebit size            =    ------     ------
  bitaddressable size  =    ------     ------
  ebitaddressable size =    ------     ------
  far data size        =    ------     ------
  huge data size       =    ------     ------
  const size           =    ------     ------
  hconst size          =        72     ------
End of Module Information.


C251 COMPILATION COMPLETE.  0 WARNING(S),  0 ERROR(S)
