C251 COMPILER V5.60.0,  pid                                                                18/05/26  19:09:52  PAGE 1   


C251 COMPILER V5.60.0, COMPILATION OF MODULE pid
OBJECT MODULE PLACED IN .\OBJ_Out\pid.obj
COMPILER INVOKED BY: F:\Keil_v5\C251\BIN\C251.EXE ..\UserCode\MIDDLE\pid.c XSMALL OA UNSIGNED_CHAR FLOAT64 BROWSE INCDIR
                    -(..\LQ_APP\Inc;..\LQ_APP\Src;..\Driver;..\Driver\Inc;..\User;..\LQ_LIB\Inc;..\User_Code;..\control;..\UserCode;..\UserCo
                    -de\APP;..\UserCode\BSP;..\UserCode\MIDDLE) DEFINE(AI8051U_32Bit) DEBUG PRINT(.\OBJ_Out\pid.lst) TABS(2) OBJECT(.\OBJ_Out
                    -\pid.obj) 

stmt  level    source

    1          #include "pid.h"
    2          
    3          #define PID_GROUPS 3 // 可根据需要调整组数
    4          static PID_TypeDef pid_array[PID_GROUPS];
    5          
    6          // PID参数数组，按顺序：Kp, Ki, Kd, out_max, out_min,mode
    7          static const float pid_param_table[PID_GROUPS][6] = 
    8          {
    9              //左轮速度环 增量式PI
   10              {1.2f, 0.2f, 0.0f, 1500,-1500,PID_INCREMENT},
   11              //右轮速度环 增量式PI
   12              {1.2f, 0.2f, 0.0f, 1500,-1500,PID_INCREMENT},
   13              //方向环 位置式PD
   14              {0.65f, 0.0f, 1.88f, 1200,-1200, PID_POSITION}
   15          };
   16          
   17          void PID_SetKp(PID_Index index, float Kp) {
   18   1          if(index >= 0 && index < PID_GROUPS) pid_array[index].Kp = Kp;
   19   1      }
   20          void PID_SetKi(PID_Index index, float Ki) {
   21   1          if(index >= 0 && index < PID_GROUPS) pid_array[index].Ki = Ki;
   22   1      }
   23          void PID_SetKd(PID_Index index, float Kd) {
   24   1          if(index >= 0 && index < PID_GROUPS) pid_array[index].Kd = Kd;
   25   1      }
   26          
   27          // 初始化所有PID结构体
   28          void PID_AllInit(void)
   29          {
   30   1          int i;
   31   1          for(i=0; i<PID_GROUPS; i++)
   32   1          {
   33   2              PID_Init(&pid_array[i],
   34   2                  pid_param_table[i][0],
   35   2                  pid_param_table[i][1],
   36   2                  pid_param_table[i][2],
   37   2                  pid_param_table[i][3],
   38   2                  pid_param_table[i][4],
   39   2                  (PID_Mode)((int)pid_param_table[i][5])
   40   2              );
   41   2          }
   42   1      }
   43          
   44          // PID初始化，支持位置式和增量式
   45          void PID_Init(PID_TypeDef *pid, float Kp, float Ki, float Kd, float out_max, float out_min,PID_Mode mode)
   46          {
   47   1          pid->Kp = Kp;
   48   1          pid->Ki = Ki;
   49   1          pid->Kd = Kd;
   50   1          pid->prev_error = 0;
   51   1          pid->prev_prev_error = 0;
   52   1          pid->integral = 0;
   53   1          pid->output_max = out_max;
   54   1          pid->output_min = out_min;
   55   1          pid->output = 0;
   56   1          pid->mode = mode;
C251 COMPILER V5.60.0,  pid                                                                18/05/26  19:09:52  PAGE 2   

   57   1      }
   58          
   59          // PID计算函数（通过索引调用）
   60          int16 PID_Calculate_ByIndex(PID_Index index, int16 current, int16 target)
   61          {
   62   1          if (index >= 0 && index < PID_GROUPS) {
   63   2              PID_TypeDef *pid = &pid_array[index];
   64   2              if (pid->mode == PID_POSITION) {
   65   3                  return PID_CascadePosition(pid, current, target);
   66   3              } else {
   67   3                  return PID_CascadeIncrement(pid, current, target);
   68   3              }
   69   2          }
   70   1          return 0;
   71   1      }
   72          
   73          // 串级控制 - 位置式PID
   74          int16 PID_CascadePosition(PID_TypeDef *pid, int16 current, int16 target)
   75          {
   76   1          float error, derivative, output;
   77   1          error = (float)target - (float)current;
   78   1          
   79   1          // 积分项
   80   1          pid->integral += error;
   81   1          
   82   1          // 微分项
   83   1          derivative = error - pid->prev_error;
   84   1          
   85   1          // PID计算
   86   1          output = pid->Kp * error + pid->Ki * pid->integral + pid->Kd * derivative;
   87   1          
   88   1          // 输出限幅
   89   1          if(output > pid->output_max) output = pid->output_max;
   90   1          if(output < pid->output_min) output = pid->output_min;
   91   1          
   92   1          // 更新历史误差
   93   1          pid->prev_prev_error = pid->prev_error;
   94   1          pid->prev_error = error;
   95   1          
   96   1          return (int16)output;
   97   1      }
   98          
   99          // 串级控制 - 增量式PID
  100          int16 PID_CascadeIncrement(PID_TypeDef *pid, int16 current, int16 target)
  101          {
  102   1          float error, delta, output;
  103   1          error = (float)target - (float)current;
  104   1          
  105   1          // 增量计算
  106   1          delta = pid->Kp * (error - pid->prev_error)
  107   1                      + pid->Ki * error
  108   1                      + pid->Kd * (error - 2 * pid->prev_error + pid->prev_prev_error);
  109   1          
  110   1          // 更新输出
  111   1          output = pid->output + delta;
  112   1        
  113   1          // 输出限幅
  114   1          if(output > pid->output_max) output = pid->output_max;
  115   1          if(output < pid->output_min) output = pid->output_min;
  116   1          pid->output = output;
  117   1          
  118   1          
  119   1          // 更新历史误差
  120   1          pid->prev_prev_error = pid->prev_error;
  121   1          pid->prev_error = error;
  122   1          
C251 COMPILER V5.60.0,  pid                                                                18/05/26  19:09:52  PAGE 3   

  123   1          return (int16)output;
  124   1      }
  125          
  126          // 获取特定PID控制器的只读指针
  127          const PID_TypeDef* PID_GetController(PID_Index index)
  128          {
  129   1          if (index >= 0 && index < PID_GROUPS) {
  130   2              return &pid_array[index];
  131   2          }
  132   1          return NULL;
  133   1      }


Module Information          Static   Overlayable
------------------------------------------------
  code size            =       890     ------
  ecode size           =    ------     ------
  data size            =    ------     ------
  idata size           =    ------     ------
  pdata size           =    ------     ------
  xdata size           =    ------     ------
  xdata-const size     =    ------     ------
  edata size           =       114         18
  bit size             =    ------     ------
  ebit size            =    ------     ------
  bitaddressable size  =    ------     ------
  ebitaddressable size =    ------     ------
  far data size        =    ------     ------
  huge data size       =    ------     ------
  const size           =    ------     ------
  hconst size          =        72     ------
End of Module Information.


C251 COMPILATION COMPLETE.  0 WARNING(S),  0 ERROR(S)
